// Bun Snapshot v1, https://goo.gl/fbAQLP

exports[`JsonSchemaPatcher should match snapshot for schema.json 1`] = `
Map {
  "/environments" => {
    "hashFields": [
      "name",
      "region",
      "id",
    ],
    "primaryKey": "id",
    "requiredFields":     
Set {
      "name",
      "region",
      "source",
      "services",
      "id",
    }
,
    "strategy": "primaryKey",
  },
  "/environments/source/filter/labels" => {
    "primaryKey": null,
    "strategy": "unique",
  },
  "/environments/source/filter/toBranches" => {
    "primaryKey": null,
    "strategy": "unique",
  },
  "/environments/source/filter/toBranch" => {
    "primaryKey": null,
    "strategy": "unique",
  },
  "/environments/source/filter/fromBranches" => {
    "primaryKey": null,
    "strategy": "unique",
  },
  "/environments/source/filter/watchPaths" => {
    "primaryKey": null,
    "strategy": "unique",
  },
  "/environments/services" => {
    "hashFields": [
      "id",
      "name",
      "cpu",
      "memory",
      "type",
    ],
    "primaryKey": "id",
    "requiredFields":     
Set {
      "id",
      "name",
      "cpu",
      "memory",
      "type",
    }
,
    "strategy": "primaryKey",
  },
  "/environments/services/dependsOn" => {
    "primaryKey": null,
    "strategy": "unique",
  },
  "/environments/services/startCommand" => {
    "primaryKey": null,
    "strategy": "unique",
  },
  "/environments/services/preDeployCommand" => {
    "primaryKey": null,
    "strategy": "unique",
  },
  "/environments/services/postDeployCommand" => {
    "primaryKey": null,
    "strategy": "unique",
  },
  "/environments/services/watchPaths" => {
    "primaryKey": null,
    "strategy": "unique",
  },
  "/environments/services/sidecars" => {
    "hashFields": [
      "cpuAllotment",
      "memoryAllotment",
      "name",
      "image",
    ],
    "primaryKey": "name",
    "requiredFields":     
Set {
      "cpuAllotment",
      "memoryAllotment",
      "name",
      "image",
    }
,
    "strategy": "primaryKey",
  },
  "/environments/services/sidecars/ports" => {
    "primaryKey": null,
    "strategy": "unique",
  },
  "/environments/services/sidecars/startCommand" => {
    "primaryKey": null,
    "strategy": "unique",
  },
  "/environments/services/logging/firelens/config" => {
    "hashFields": [
      "name",
      "match",
    ],
    "primaryKey": "name",
    "requiredFields":     
Set {
      "name",
      "match",
      "options",
    }
,
    "strategy": "primaryKey",
  },
  "/environments/services/logging/firelens/config/options/*" => {
    "primaryKey": null,
    "strategy": "unique",
  },
  "/environments/services/permissions/inline/*" => {
    "primaryKey": null,
    "strategy": "lcs",
  },
  "/environments/services/permissions/inline/*/*" => {
    "primaryKey": null,
    "recurseTo": "/environments/services/permissions/inline/*",
  },
  "/environments/services/permissions/attach" => {
    "primaryKey": null,
    "strategy": "unique",
  },
  "/environments/services/jobs/*/startCommand" => {
    "primaryKey": null,
    "strategy": "unique",
  },
  "/environments/services/cpuArchitecture" => {
    "primaryKey": null,
    "strategy": "unique",
  },
  "/environments/services/lambda/fnUrl/cors/allowHeaders" => {
    "primaryKey": null,
    "strategy": "unique",
  },
  "/environments/services/lambda/fnUrl/cors/allowMethods" => {
    "primaryKey": null,
    "strategy": "unique",
  },
  "/environments/services/lambda/fnUrl/cors/allowOrigin" => {
    "primaryKey": null,
    "strategy": "unique",
  },
  "/environments/services/lambda/fnUrl/cors/exposedHeaders" => {
    "primaryKey": null,
    "strategy": "unique",
  },
  "/environments/services/lambda/cpuArchitecture" => {
    "primaryKey": null,
    "strategy": "unique",
  },
  "/environments/services/bucketPolicy/*" => {
    "primaryKey": null,
    "strategy": "lcs",
  },
  "/environments/services/bucketPolicy/*/*" => {
    "primaryKey": null,
    "recurseTo": "/environments/services/bucketPolicy/*",
  },
  "/environments/services/ports" => {
    "hashFields": [
      "port",
      "protocol",
    ],
    "primaryKey": "port",
    "requiredFields":     
Set {
      "port",
      "protocol",
      "healthCheck",
    }
,
    "strategy": "primaryKey",
  },
}
`;
