// Bun Snapshot v1, https://goo.gl/fbAQLP

exports[`DiffFormatter E2E Integration should generate correct side-by-side and unified diffs for a set of changes: side-by-side-diff 1`] = `
{
  "newLines": [
    {
      "content": "{",
      "lineNumber": 1,
      "type": "unchanged",
    },
    {
      "content": "  "userId": "b438b6fa-765b-4706-8b22-88adb9b5534a",",
      "lineNumber": 2,
      "type": "unchanged",
    },
    {
      "content": "  "username": "new-test-user",",
      "lineNumber": 3,
      "type": "added",
    },
    {
      "content": "  "posts": [",
      "lineNumber": 4,
      "type": "unchanged",
    },
    {
      "content": "    {",
      "lineNumber": 5,
      "type": "unchanged",
    },
    {
      "content": "      "postId": "47f891d9-8546-4ae8-aa99-ad1c3391eab0",",
      "lineNumber": 6,
      "type": "unchanged",
    },
    {
      "content": "      "title": "A Completely New Title",",
      "lineNumber": 7,
      "type": "added",
    },
    {
      "content": "      "content": "Turba contabesco adimpleo cogo cubicularis sufficio vulnero constans tempus optio. Arcus cubitum caput coniecto dolores sophismata amiculum aperte. Solvo tyrannus ipsum ultra creo.\\nConsidero assumenda tricesimus confido ipsam. Enim abbas voveo ventosus beatus clarus eius. Vorago causa magni timor cruentus suus arto paulatim uredo vorago.\\nCursus bardus defendo. Aliquid clibanus vestigium modi defluo tardus talis. Suggero tumultus asperiores.",",
      "lineNumber": 8,
      "type": "unchanged",
    },
    {
      "content": "      "tags": [",
      "lineNumber": 9,
      "type": "unchanged",
    },
    {
      "content": "        "cito",",
      "lineNumber": 10,
      "type": "unchanged",
    },
    {
      "content": "        "cohibeo",",
      "lineNumber": 11,
      "type": "unchanged",
    },
    {
      "content": "        "sono"",
      "lineNumber": 12,
      "type": "unchanged",
    },
    {
      "content": "      ]",
      "lineNumber": 13,
      "type": "unchanged",
    },
    {
      "content": "    },",
      "lineNumber": 14,
      "type": "unchanged",
    },
    {
      "content": "    {",
      "lineNumber": 15,
      "type": "unchanged",
    },
    {
      "content": "      "postId": "134a4505-8294-4a0e-b02c-0bfdbf6d5e2f",",
      "lineNumber": 16,
      "type": "unchanged",
    },
    {
      "content": "      "title": "Anser patior acceptus supplanto absens ago caelum utique convoco.",",
      "lineNumber": 17,
      "type": "unchanged",
    },
    {
      "content": "      "content": "Minus caelum mollitia solvo coadunatio curatio defessus. Ocer vinum iure desino abduco denique vestigium avarus admoveo cum. Umquam acquiro verumtamen stabilis ventito.\\nTonsor condico consectetur cribro temeritas corporis carbo. Ver conscendo rem certus basium conduco compello vaco traho sui. Curo caries angulus coerceo arbustum aliquam pax convoco maiores aureus.\\nBibo chirographum talis laborum conculco illo suasoria verecundia. Candidus tamen tergiversatio averto tracto delego tergum. Concedo viriliter solus terebro.",",
      "lineNumber": 18,
      "type": "unchanged",
    },
    {
      "content": "      "tags": [",
      "lineNumber": 19,
      "type": "unchanged",
    },
    {
      "content": "        "bardus",",
      "lineNumber": 20,
      "type": "unchanged",
    },
    {
      "content": "        "deludo",",
      "lineNumber": 21,
      "type": "unchanged",
    },
    {
      "content": "        "tolero"",
      "lineNumber": 22,
      "type": "unchanged",
    },
    {
      "content": "      ]",
      "lineNumber": 23,
      "type": "unchanged",
    },
    {
      "content": "    },",
      "lineNumber": 24,
      "type": "unchanged",
    },
    {
      "content": "    {",
      "lineNumber": 25,
      "type": "added",
    },
    {
      "content": "      "postId": "new-post-id",",
      "lineNumber": 26,
      "type": "added",
    },
    {
      "content": "      "title": "A Fresh Post",",
      "lineNumber": 27,
      "type": "added",
    },
    {
      "content": "      "content": "This is a brand new post added to the list.",",
      "lineNumber": 28,
      "type": "added",
    },
    {
      "content": "      "tags": [",
      "lineNumber": 29,
      "type": "added",
    },
    {
      "content": "        "new",",
      "lineNumber": 30,
      "type": "added",
    },
    {
      "content": "        "exciting"",
      "lineNumber": 31,
      "type": "added",
    },
    {
      "content": "      ]",
      "lineNumber": 32,
      "type": "added",
    },
    {
      "content": "    }",
      "lineNumber": 33,
      "type": "added",
    },
    {
      "content": "  ],",
      "lineNumber": 34,
      "type": "unchanged",
    },
    {
      "content": "  "metadata": {",
      "lineNumber": 35,
      "type": "unchanged",
    },
    {
      "content": "    "createdAt": "2025-01-01T00:00:00.000Z",",
      "lineNumber": 36,
      "type": "unchanged",
    },
    {
      "content": "    "updatedAt": "2025-01-01T00:00:00.000Z",",
      "lineNumber": 37,
      "type": "unchanged",
    },
    {
      "content": "    "source": "faker",",
      "lineNumber": 38,
      "type": "unchanged",
    },
    {
      "content": "    "newProp": 12345",
      "lineNumber": 39,
      "type": "added",
    },
    {
      "content": "  }",
      "lineNumber": 40,
      "type": "unchanged",
    },
    {
      "content": "}",
      "lineNumber": 41,
      "type": "unchanged",
    },
  ],
  "originalLines": [
    {
      "content": "{",
      "lineNumber": 1,
      "type": "unchanged",
    },
    {
      "content": "  "userId": "b438b6fa-765b-4706-8b22-88adb9b5534a",",
      "lineNumber": 2,
      "type": "unchanged",
    },
    {
      "content": "  "username": "Hortense.Kunde",",
      "lineNumber": 3,
      "type": "removed",
    },
    {
      "content": "  "email": "Tyreek.Muller@yahoo.com",",
      "lineNumber": 4,
      "type": "removed",
    },
    {
      "content": "  "posts": [",
      "lineNumber": 5,
      "type": "unchanged",
    },
    {
      "content": "    {",
      "lineNumber": 6,
      "type": "unchanged",
    },
    {
      "content": "      "postId": "47f891d9-8546-4ae8-aa99-ad1c3391eab0",",
      "lineNumber": 7,
      "type": "unchanged",
    },
    {
      "content": "      "title": "Articulus argumentum sub comis stultus iste creta.",",
      "lineNumber": 8,
      "type": "removed",
    },
    {
      "content": "      "content": "Turba contabesco adimpleo cogo cubicularis sufficio vulnero constans tempus optio. Arcus cubitum caput coniecto dolores sophismata amiculum aperte. Solvo tyrannus ipsum ultra creo.\\nConsidero assumenda tricesimus confido ipsam. Enim abbas voveo ventosus beatus clarus eius. Vorago causa magni timor cruentus suus arto paulatim uredo vorago.\\nCursus bardus defendo. Aliquid clibanus vestigium modi defluo tardus talis. Suggero tumultus asperiores.",",
      "lineNumber": 9,
      "type": "unchanged",
    },
    {
      "content": "      "tags": [",
      "lineNumber": 10,
      "type": "unchanged",
    },
    {
      "content": "        "cito",",
      "lineNumber": 11,
      "type": "unchanged",
    },
    {
      "content": "        "cohibeo",",
      "lineNumber": 12,
      "type": "unchanged",
    },
    {
      "content": "        "sono"",
      "lineNumber": 13,
      "type": "unchanged",
    },
    {
      "content": "      ]",
      "lineNumber": 14,
      "type": "unchanged",
    },
    {
      "content": "    },",
      "lineNumber": 15,
      "type": "unchanged",
    },
    {
      "content": "    {",
      "lineNumber": 16,
      "type": "removed",
    },
    {
      "content": "      "postId": "1aeb77c9-19d5-4ec9-bc1d-de21266813c7",",
      "lineNumber": 17,
      "type": "removed",
    },
    {
      "content": "      "title": "Ipsam vicissitudo non.",",
      "lineNumber": 18,
      "type": "removed",
    },
    {
      "content": "      "content": "Supellex cras sordeo adamo. Adduco tamdiu demergo animus illo aeger solitudo vulnus. Natus ambulo subseco solvo admiratio textor earum cursim tertius.\\nDenique attonbitus commemoro tutis audentia cur. Capillus veritatis versus aliqua delectus desipio combibo adiuvo carbo allatus. Timor vehemens adimpleo cogito.\\nFugit quidem abscido deorsum voveo corrupti alo deinde vix congregatio. Thermae bellicus decipio sumo cunctatio aufero volaticus soleo uredo. Cenaculum desipio aegre.",",
      "lineNumber": 19,
      "type": "removed",
    },
    {
      "content": "      "tags": [",
      "lineNumber": 20,
      "type": "removed",
    },
    {
      "content": "        "capillus",",
      "lineNumber": 21,
      "type": "removed",
    },
    {
      "content": "        "corrumpo",",
      "lineNumber": 22,
      "type": "removed",
    },
    {
      "content": "        "benigne"",
      "lineNumber": 23,
      "type": "removed",
    },
    {
      "content": "      ]",
      "lineNumber": 24,
      "type": "removed",
    },
    {
      "content": "    },",
      "lineNumber": 25,
      "type": "removed",
    },
    {
      "content": "    {",
      "lineNumber": 26,
      "type": "unchanged",
    },
    {
      "content": "      "postId": "134a4505-8294-4a0e-b02c-0bfdbf6d5e2f",",
      "lineNumber": 27,
      "type": "unchanged",
    },
    {
      "content": "      "title": "Anser patior acceptus supplanto absens ago caelum utique convoco.",",
      "lineNumber": 28,
      "type": "unchanged",
    },
    {
      "content": "      "content": "Minus caelum mollitia solvo coadunatio curatio defessus. Ocer vinum iure desino abduco denique vestigium avarus admoveo cum. Umquam acquiro verumtamen stabilis ventito.\\nTonsor condico consectetur cribro temeritas corporis carbo. Ver conscendo rem certus basium conduco compello vaco traho sui. Curo caries angulus coerceo arbustum aliquam pax convoco maiores aureus.\\nBibo chirographum talis laborum conculco illo suasoria verecundia. Candidus tamen tergiversatio averto tracto delego tergum. Concedo viriliter solus terebro.",",
      "lineNumber": 29,
      "type": "unchanged",
    },
    {
      "content": "      "tags": [",
      "lineNumber": 30,
      "type": "unchanged",
    },
    {
      "content": "        "bardus",",
      "lineNumber": 31,
      "type": "unchanged",
    },
    {
      "content": "        "deludo",",
      "lineNumber": 32,
      "type": "unchanged",
    },
    {
      "content": "        "tolero"",
      "lineNumber": 33,
      "type": "unchanged",
    },
    {
      "content": "      ]",
      "lineNumber": 34,
      "type": "unchanged",
    },
    {
      "content": "    }",
      "lineNumber": 35,
      "type": "unchanged",
    },
    {
      "content": "  ],",
      "lineNumber": 36,
      "type": "unchanged",
    },
    {
      "content": "  "metadata": {",
      "lineNumber": 37,
      "type": "unchanged",
    },
    {
      "content": "    "createdAt": "2025-01-01T00:00:00.000Z",",
      "lineNumber": 38,
      "type": "unchanged",
    },
    {
      "content": "    "updatedAt": "2025-01-01T00:00:00.000Z",",
      "lineNumber": 39,
      "type": "unchanged",
    },
    {
      "content": "    "source": "faker"",
      "lineNumber": 40,
      "type": "unchanged",
    },
    {
      "content": "  }",
      "lineNumber": 41,
      "type": "unchanged",
    },
    {
      "content": "}",
      "lineNumber": 42,
      "type": "unchanged",
    },
  ],
}
`;

exports[`DiffFormatter E2E Integration should generate correct side-by-side and unified diffs for a set of changes: unified-diff 1`] = `
[
  {
    "content": "{",
    "key": "unchanged-1-1",
    "newLineNumber": 1,
    "oldLineNumber": 1,
    "type": "unchanged",
  },
  {
    "content": "  "userId": "b438b6fa-765b-4706-8b22-88adb9b5534a",",
    "key": "unchanged-2-2",
    "newLineNumber": 2,
    "oldLineNumber": 2,
    "type": "unchanged",
  },
  {
    "content": "  "username": "Hortense.Kunde",",
    "key": "removed-3",
    "oldLineNumber": 3,
    "type": "removed",
  },
  {
    "content": "  "email": "Tyreek.Muller@yahoo.com",",
    "key": "removed-4",
    "oldLineNumber": 4,
    "type": "removed",
  },
  {
    "content": "  "username": "new-test-user",",
    "key": "added-3",
    "newLineNumber": 3,
    "type": "added",
  },
  {
    "content": "  "posts": [",
    "key": "unchanged-5-4",
    "newLineNumber": 4,
    "oldLineNumber": 5,
    "type": "unchanged",
  },
  {
    "content": "    {",
    "key": "unchanged-6-5",
    "newLineNumber": 5,
    "oldLineNumber": 6,
    "type": "unchanged",
  },
  {
    "content": "      "postId": "47f891d9-8546-4ae8-aa99-ad1c3391eab0",",
    "key": "unchanged-7-6",
    "newLineNumber": 6,
    "oldLineNumber": 7,
    "type": "unchanged",
  },
  {
    "content": "      "title": "Articulus argumentum sub comis stultus iste creta.",",
    "key": "removed-8",
    "oldLineNumber": 8,
    "type": "removed",
  },
  {
    "content": "      "title": "A Completely New Title",",
    "key": "added-7",
    "newLineNumber": 7,
    "type": "added",
  },
  {
    "content": "      "content": "Turba contabesco adimpleo cogo cubicularis sufficio vulnero constans tempus optio. Arcus cubitum caput coniecto dolores sophismata amiculum aperte. Solvo tyrannus ipsum ultra creo.\\nConsidero assumenda tricesimus confido ipsam. Enim abbas voveo ventosus beatus clarus eius. Vorago causa magni timor cruentus suus arto paulatim uredo vorago.\\nCursus bardus defendo. Aliquid clibanus vestigium modi defluo tardus talis. Suggero tumultus asperiores.",",
    "key": "unchanged-9-8",
    "newLineNumber": 8,
    "oldLineNumber": 9,
    "type": "unchanged",
  },
  {
    "content": "      "tags": [",
    "key": "unchanged-10-9",
    "newLineNumber": 9,
    "oldLineNumber": 10,
    "type": "unchanged",
  },
  {
    "content": "        "cito",",
    "key": "unchanged-11-10",
    "newLineNumber": 10,
    "oldLineNumber": 11,
    "type": "unchanged",
  },
  {
    "content": "        "cohibeo",",
    "key": "unchanged-12-11",
    "newLineNumber": 11,
    "oldLineNumber": 12,
    "type": "unchanged",
  },
  {
    "content": "        "sono"",
    "key": "unchanged-13-12",
    "newLineNumber": 12,
    "oldLineNumber": 13,
    "type": "unchanged",
  },
  {
    "content": "      ]",
    "key": "unchanged-14-13",
    "newLineNumber": 13,
    "oldLineNumber": 14,
    "type": "unchanged",
  },
  {
    "content": "    },",
    "key": "unchanged-15-14",
    "newLineNumber": 14,
    "oldLineNumber": 15,
    "type": "unchanged",
  },
  {
    "content": "    {",
    "key": "removed-16",
    "oldLineNumber": 16,
    "type": "removed",
  },
  {
    "content": "      "postId": "1aeb77c9-19d5-4ec9-bc1d-de21266813c7",",
    "key": "removed-17",
    "oldLineNumber": 17,
    "type": "removed",
  },
  {
    "content": "      "title": "Ipsam vicissitudo non.",",
    "key": "removed-18",
    "oldLineNumber": 18,
    "type": "removed",
  },
  {
    "content": "      "content": "Supellex cras sordeo adamo. Adduco tamdiu demergo animus illo aeger solitudo vulnus. Natus ambulo subseco solvo admiratio textor earum cursim tertius.\\nDenique attonbitus commemoro tutis audentia cur. Capillus veritatis versus aliqua delectus desipio combibo adiuvo carbo allatus. Timor vehemens adimpleo cogito.\\nFugit quidem abscido deorsum voveo corrupti alo deinde vix congregatio. Thermae bellicus decipio sumo cunctatio aufero volaticus soleo uredo. Cenaculum desipio aegre.",",
    "key": "removed-19",
    "oldLineNumber": 19,
    "type": "removed",
  },
  {
    "content": "      "tags": [",
    "key": "removed-20",
    "oldLineNumber": 20,
    "type": "removed",
  },
  {
    "content": "        "capillus",",
    "key": "removed-21",
    "oldLineNumber": 21,
    "type": "removed",
  },
  {
    "content": "        "corrumpo",",
    "key": "removed-22",
    "oldLineNumber": 22,
    "type": "removed",
  },
  {
    "content": "        "benigne"",
    "key": "removed-23",
    "oldLineNumber": 23,
    "type": "removed",
  },
  {
    "content": "      ]",
    "key": "removed-24",
    "oldLineNumber": 24,
    "type": "removed",
  },
  {
    "content": "    },",
    "key": "removed-25",
    "oldLineNumber": 25,
    "type": "removed",
  },
  {
    "content": "    {",
    "key": "unchanged-26-15",
    "newLineNumber": 15,
    "oldLineNumber": 26,
    "type": "unchanged",
  },
  {
    "content": "      "postId": "134a4505-8294-4a0e-b02c-0bfdbf6d5e2f",",
    "key": "unchanged-27-16",
    "newLineNumber": 16,
    "oldLineNumber": 27,
    "type": "unchanged",
  },
  {
    "content": "      "title": "Anser patior acceptus supplanto absens ago caelum utique convoco.",",
    "key": "unchanged-28-17",
    "newLineNumber": 17,
    "oldLineNumber": 28,
    "type": "unchanged",
  },
  {
    "content": "      "content": "Minus caelum mollitia solvo coadunatio curatio defessus. Ocer vinum iure desino abduco denique vestigium avarus admoveo cum. Umquam acquiro verumtamen stabilis ventito.\\nTonsor condico consectetur cribro temeritas corporis carbo. Ver conscendo rem certus basium conduco compello vaco traho sui. Curo caries angulus coerceo arbustum aliquam pax convoco maiores aureus.\\nBibo chirographum talis laborum conculco illo suasoria verecundia. Candidus tamen tergiversatio averto tracto delego tergum. Concedo viriliter solus terebro.",",
    "key": "unchanged-29-18",
    "newLineNumber": 18,
    "oldLineNumber": 29,
    "type": "unchanged",
  },
  {
    "content": "      "tags": [",
    "key": "unchanged-30-19",
    "newLineNumber": 19,
    "oldLineNumber": 30,
    "type": "unchanged",
  },
  {
    "content": "        "bardus",",
    "key": "unchanged-31-20",
    "newLineNumber": 20,
    "oldLineNumber": 31,
    "type": "unchanged",
  },
  {
    "content": "        "deludo",",
    "key": "unchanged-32-21",
    "newLineNumber": 21,
    "oldLineNumber": 32,
    "type": "unchanged",
  },
  {
    "content": "        "tolero"",
    "key": "unchanged-33-22",
    "newLineNumber": 22,
    "oldLineNumber": 33,
    "type": "unchanged",
  },
  {
    "content": "      ]",
    "key": "unchanged-34-23",
    "newLineNumber": 23,
    "oldLineNumber": 34,
    "type": "unchanged",
  },
  {
    "content": "    }",
    "key": "unchanged-35-24",
    "newLineNumber": 24,
    "oldLineNumber": 35,
    "type": "unchanged",
  },
  {
    "content": "    {",
    "key": "added-25",
    "newLineNumber": 25,
    "type": "added",
  },
  {
    "content": "      "postId": "new-post-id",",
    "key": "added-26",
    "newLineNumber": 26,
    "type": "added",
  },
  {
    "content": "      "title": "A Fresh Post",",
    "key": "added-27",
    "newLineNumber": 27,
    "type": "added",
  },
  {
    "content": "      "content": "This is a brand new post added to the list.",",
    "key": "added-28",
    "newLineNumber": 28,
    "type": "added",
  },
  {
    "content": "      "tags": [",
    "key": "added-29",
    "newLineNumber": 29,
    "type": "added",
  },
  {
    "content": "        "new",",
    "key": "added-30",
    "newLineNumber": 30,
    "type": "added",
  },
  {
    "content": "        "exciting"",
    "key": "added-31",
    "newLineNumber": 31,
    "type": "added",
  },
  {
    "content": "      ]",
    "key": "added-32",
    "newLineNumber": 32,
    "type": "added",
  },
  {
    "content": "    }",
    "key": "added-33",
    "newLineNumber": 33,
    "type": "added",
  },
  {
    "content": "  ],",
    "key": "unchanged-36-34",
    "newLineNumber": 34,
    "oldLineNumber": 36,
    "type": "unchanged",
  },
  {
    "content": "  "metadata": {",
    "key": "unchanged-37-35",
    "newLineNumber": 35,
    "oldLineNumber": 37,
    "type": "unchanged",
  },
  {
    "content": "    "createdAt": "2025-01-01T00:00:00.000Z",",
    "key": "unchanged-38-36",
    "newLineNumber": 36,
    "oldLineNumber": 38,
    "type": "unchanged",
  },
  {
    "content": "    "updatedAt": "2025-01-01T00:00:00.000Z",",
    "key": "unchanged-39-37",
    "newLineNumber": 37,
    "oldLineNumber": 39,
    "type": "unchanged",
  },
  {
    "content": "    "source": "faker"",
    "key": "unchanged-40-38",
    "newLineNumber": 38,
    "oldLineNumber": 40,
    "type": "unchanged",
  },
  {
    "content": "    "newProp": 12345",
    "key": "added-39",
    "newLineNumber": 39,
    "type": "added",
  },
  {
    "content": "  }",
    "key": "unchanged-41-40",
    "newLineNumber": 40,
    "oldLineNumber": 41,
    "type": "unchanged",
  },
  {
    "content": "}",
    "key": "unchanged-42-41",
    "newLineNumber": 41,
    "oldLineNumber": 42,
    "type": "unchanged",
  },
]
`;
